// Jest Snapshot v1, https://goo.gl/fbAQLP

exports[`should take a snapshot 1`] = `
<DocumentFragment>
  <div
    class="drawer-option"
  >
    <span
      class="drawer-option-text"
    />
  </div>
</DocumentFragment>
`;

exports[`should take a snapshot 2`] = `
<DocumentFragment>
  <div
    class="drawer-parent"
  >
    <button
      class="drawer-label"
    >
       Â 
      <span
        class="menu-text"
      >
        <svg
          aria-hidden="true"
          class="svg-inline--fa fa-caret-right fa-w-6 "
          data-icon="caret-right"
          data-prefix="fas"
          focusable="false"
          role="img"
          viewBox="0 0 192 512"
          xmlns="http://www.w3.org/2000/svg"
        >
          <path
            d="M0 384.662V127.338c0-17.818 21.543-26.741 34.142-14.142l128.662 128.662c7.81 7.81 7.81 20.474 0 28.284L34.142 398.804C21.543 411.404 0 402.48 0 384.662z"
            fill="currentColor"
          />
        </svg>
      </span>
    </button>
    <div
      class="drawer-menu"
      style="display: none;"
    />
  </div>
</DocumentFragment>
`;
